{
  "b1": [
    "b1"
  ],
  "m_nonzero": [
    "b1",
    "m_nonzero"
  ],
  "m_zero": [
    "b1",
    "m_zero"
  ],
  "n_nonzero": [
    "b1",
    "m_nonzero",
    "n_nonzero"
  ],
  "n_zero": [
    "b1",
    "m_nonzero",
    "n_zero"
  ]
}{
  "b1": [
    "b1"
  ]
}