{
  "b1": [
    "b1"
  ]
}{
  "b1": [
    "b1"
  ],
  "end": [
    "b1",
    "end"
  ],
  "rec": [
    "b1",
    "rec"
  ]
}{
  "b1": [
    "b1"
  ]
}