{
  "b1": [
    "b1"
  ]
}{
  "b1": [
    "b1"
  ],
  "for.body.1": [
    "b1",
    "for.body.1",
    "for.cond.1"
  ],
  "for.cond.1": [
    "b1",
    "for.cond.1"
  ],
  "for.end.1": [
    "b1",
    "for.cond.1",
    "for.end.1"
  ]
}