{
  "b1": [
    "b1"
  ],
  "else.0": [
    "b1",
    "else.0"
  ],
  "else.12": [
    "b1",
    "else.0",
    "else.12"
  ],
  "endif.12": [
    "b1",
    "else.0",
    "endif.12"
  ],
  "then.0": [
    "b1",
    "then.0"
  ],
  "then.12": [
    "b1",
    "else.0",
    "then.12"
  ]
}{
  "b1": [
    "b1"
  ]
}{
  "b1": [
    "b1"
  ]
}{
  "b1": [
    "b1"
  ]
}{
  "b1": [
    "b1"
  ]
}