{
  "b1": [
    "b1"
  ]
}{
  "b1": [
    "b1"
  ],
  "else": [
    "b1",
    "else"
  ],
  "if": [
    "b1",
    "if"
  ],
  "while": [
    "b1",
    "else",
    "while"
  ],
  "while.body": [
    "b1",
    "else",
    "while",
    "while.body"
  ],
  "while.end": [
    "b1",
    "else",
    "while",
    "while.end"
  ]
}