{
  "b1": [
    "b1"
  ],
  "else.7": [
    "b1",
    "else.7",
    "for.body.1",
    "for.cond.1"
  ],
  "endif.7": [
    "b1",
    "endif.7",
    "for.body.1",
    "for.cond.1"
  ],
  "for.body.1": [
    "b1",
    "for.body.1",
    "for.cond.1"
  ],
  "for.cond.1": [
    "b1",
    "for.cond.1"
  ],
  "for.end.1": [
    "b1",
    "for.cond.1",
    "for.end.1"
  ],
  "then.7": [
    "b1",
    "for.body.1",
    "for.cond.1",
    "then.7"
  ]
}{
  "b1": [
    "b1"
  ],
  "else.0": [
    "b1",
    "else.0"
  ],
  "then.0": [
    "b1",
    "then.0"
  ]
}