{
  "b1": [
    "b1"
  ]
}{
  "b1": [
    "b1"
  ]
}{
  "b1": [
    "b1"
  ],
  "for.body.5": [
    "b1",
    "for.body.5",
    "for.cond.5"
  ],
  "for.cond.5": [
    "b1",
    "for.cond.5"
  ],
  "for.end.5": [
    "b1",
    "for.cond.5",
    "for.end.5"
  ]
}