{
  "b1": [
    "b1"
  ],
  "else.21": [
    "b1",
    "else.21",
    "for.body.0",
    "for.cond.0"
  ],
  "else.23": [
    "b1",
    "else.23",
    "for.body.0",
    "for.cond.0",
    "then.21"
  ],
  "else.33": [
    "b1",
    "else.21",
    "else.33",
    "for.body.0",
    "for.cond.0"
  ],
  "endif.21": [
    "b1",
    "endif.21",
    "endif.23",
    "for.body.0",
    "for.cond.0",
    "then.21"
  ],
  "endif.23": [
    "b1",
    "endif.23",
    "for.body.0",
    "for.cond.0",
    "then.21"
  ],
  "endif.33": [
    "b1",
    "else.21",
    "endif.33",
    "for.body.0",
    "for.cond.0"
  ],
  "for.body.0": [
    "b1",
    "for.body.0",
    "for.cond.0"
  ],
  "for.cond.0": [
    "b1",
    "for.cond.0"
  ],
  "for.end.0": [
    "b1",
    "for.cond.0",
    "for.end.0"
  ],
  "then.21": [
    "b1",
    "for.body.0",
    "for.cond.0",
    "then.21"
  ],
  "then.23": [
    "b1",
    "for.body.0",
    "for.cond.0",
    "then.21",
    "then.23"
  ],
  "then.33": [
    "b1",
    "else.21",
    "for.body.0",
    "for.cond.0",
    "then.33"
  ]
}