{
  "b1": [
    "b1"
  ],
  "else": [
    "b1",
    "else"
  ],
  "then": [
    "b1",
    "then"
  ]
}{
  "b1": [
    "b1"
  ]
}