{
  "b1": [
    "b1"
  ]
}{
  "b1": [
    "b1"
  ],
  "label11": [
    "b1",
    "label11",
    "label4",
    "label5"
  ],
  "label12": [
    "b1",
    "label12",
    "label4",
    "label5"
  ],
  "label13": [
    "b1",
    "label12",
    "label13",
    "label4",
    "label5"
  ],
  "label4": [
    "b1",
    "label4"
  ],
  "label5": [
    "b1",
    "label4",
    "label5"
  ],
  "label6": [
    "b1",
    "label4",
    "label6"
  ]
}{
  "b1": [
    "b1"
  ]
}