{
  "b1": [
    "b1"
  ],
  "else.1": [
    "b1",
    "else.1"
  ],
  "endif.1": [
    "b1",
    "endif.1",
    "then.1"
  ],
  "then.1": [
    "b1",
    "then.1"
  ]
}{
  "b1": [
    "b1"
  ]
}