{
  "b1": [
    "b1"
  ],
  "for.body.2": [
    "b1",
    "for.body.2",
    "for.cond.2"
  ],
  "for.cond.2": [
    "b1",
    "for.cond.2"
  ],
  "for.end.2": [
    "b1",
    "for.cond.2",
    "for.end.2"
  ]
}