{
  "b1": [
    "b1"
  ],
  "else.11": [
    "b1",
    "else.11",
    "for.body.6",
    "for.cond.6"
  ],
  "endif.11": [
    "b1",
    "endif.11",
    "for.body.6",
    "for.cond.6"
  ],
  "for.body.6": [
    "b1",
    "for.body.6",
    "for.cond.6"
  ],
  "for.cond.6": [
    "b1",
    "for.cond.6"
  ],
  "for.end.6": [
    "b1",
    "for.cond.6",
    "for.end.6"
  ],
  "then.11": [
    "b1",
    "for.body.6",
    "for.cond.6",
    "then.11"
  ]
}{
  "b1": [
    "b1"
  ]
}