{
  "b1": [
    "b1"
  ]
}{
  "b1": [
    "b1"
  ],
  "for.body.3": [
    "b1",
    "for.body.3",
    "for.cond.3"
  ],
  "for.cond.3": [
    "b1",
    "for.cond.3"
  ],
  "for.end.3": [
    "b1",
    "for.cond.3",
    "for.end.3"
  ]
}