{
  "b1": [
    "b1"
  ],
  "for.body": [
    "b1",
    "for.body",
    "for.cond.1"
  ],
  "for.cond.1": [
    "b1",
    "for.cond.1"
  ],
  "for.end": [
    "b1",
    "for.cond.1",
    "for.end"
  ],
  "for.incre": [
    "b1",
    "for.body",
    "for.cond.1",
    "for.incre"
  ],
  "if.body": [
    "b1",
    "for.body",
    "for.cond.1",
    "if.body"
  ],
  "if.failure.end": [
    "b1",
    "for.cond.1",
    "for.end",
    "if.failure.end"
  ],
  "if.success": [
    "b1",
    "for.cond.1",
    "for.end",
    "if.success"
  ]
}