{
  "b1": [
    "b1"
  ],
  "finish": [
    "b1",
    "finish",
    "inner_continue",
    "inner_loop",
    "outer_continue",
    "outer_loop"
  ],
  "found": [
    "b1",
    "found",
    "inner_loop",
    "outer_loop"
  ],
  "inner_continue": [
    "b1",
    "inner_continue",
    "inner_loop",
    "outer_loop"
  ],
  "inner_loop": [
    "b1",
    "inner_loop",
    "outer_loop"
  ],
  "outer_continue": [
    "b1",
    "inner_continue",
    "inner_loop",
    "outer_continue",
    "outer_loop"
  ],
  "outer_loop": [
    "b1",
    "outer_loop"
  ]
}