{
  "b1": [
    "b1"
  ]
}{
  "b1": [
    "b1"
  ],
  "else.7": [
    "b1",
    "else.7",
    "for.body.0",
    "for.cond.0"
  ],
  "for.body.0": [
    "b1",
    "for.body.0",
    "for.cond.0"
  ],
  "for.cond.0": [
    "b1",
    "for.cond.0"
  ],
  "for.end.0": [
    "b1",
    "for.cond.0",
    "for.end.0"
  ],
  "then.7": [
    "b1",
    "for.body.0",
    "for.cond.0",
    "then.7"
  ]
}{
  "b1": [
    "b1"
  ]
}