{
  "b1": [
    "b1"
  ]
}{
  "b1": [
    "b1"
  ],
  "else.0": [
    "b1",
    "else.0"
  ],
  "then.0": [
    "b1",
    "then.0"
  ]
}