{
  "b1": [
    "b1"
  ],
  "end": [
    "b1",
    "end"
  ],
  "flip": [
    "b1",
    "flip"
  ]
}{
  "b1": [
    "b1"
  ]
}