{
  "b1": [
    "b1"
  ]
}{
  "b1": [
    "b1"
  ]
}{
  "b1": [
    "b1"
  ],
  "else.0": [
    "b1",
    "else.0"
  ],
  "else.12": [
    "b1",
    "else.12",
    "else.7",
    "endif.0",
    "then.0"
  ],
  "else.7": [
    "b1",
    "else.7",
    "endif.0",
    "then.0"
  ],
  "endif.0": [
    "b1",
    "endif.0",
    "then.0"
  ],
  "then.0": [
    "b1",
    "then.0"
  ],
  "then.12": [
    "b1",
    "else.7",
    "endif.0",
    "then.0",
    "then.12"
  ],
  "then.7": [
    "b1",
    "endif.0",
    "then.0",
    "then.7"
  ]
}{
  "b1": [
    "b1"
  ],
  "else.7": [
    "b1",
    "else.7",
    "for.body.0",
    "for.cond.0"
  ],
  "endif.7": [
    "b1",
    "endif.7",
    "for.body.0",
    "for.cond.0",
    "then.7"
  ],
  "for.body.0": [
    "b1",
    "for.body.0",
    "for.cond.0"
  ],
  "for.cond.0": [
    "b1",
    "for.cond.0"
  ],
  "for.end.0": [
    "b1",
    "for.cond.0",
    "for.end.0"
  ],
  "then.7": [
    "b1",
    "for.body.0",
    "for.cond.0",
    "then.7"
  ]
}