{
  "b1": [
    "b1"
  ],
  "body": [
    "b1",
    "body",
    "loop"
  ],
  "done": [
    "b1",
    "done",
    "loop"
  ],
  "loop": [
    "b1",
    "loop"
  ]
}{
  "b1": [
    "b1"
  ]
}