{
  "b1": [
    "b1"
  ]
}{
  "b1": [
    "b1"
  ],
  "end": [
    "b1",
    "end",
    "for_start"
  ],
  "for": [
    "b1",
    "for",
    "for_start"
  ],
  "for_start": [
    "b1",
    "for_start"
  ]
}{
  "b1": [
    "b1"
  ]
}