{
  "b1": [
    "b1"
  ]
}{
  "b1": [
    "b1"
  ],
  "else_lbl": [
    "b1",
    "else_lbl",
    "for.set.body",
    "for.set.cond"
  ],
  "final_else_label": [
    "b1",
    "final_else_label",
    "for.set.cond",
    "for.set.end"
  ],
  "final_if_label": [
    "b1",
    "final_if_label",
    "for.set.cond",
    "for.set.end"
  ],
  "for.set.body": [
    "b1",
    "for.set.body",
    "for.set.cond"
  ],
  "for.set.cond": [
    "b1",
    "for.set.cond"
  ],
  "for.set.end": [
    "b1",
    "for.set.cond",
    "for.set.end"
  ],
  "if_lbl": [
    "b1",
    "for.set.body",
    "for.set.cond",
    "if_lbl"
  ]
}{
  "b1": [
    "b1"
  ]
}