{
  "b1": [
    "b1"
  ]
}{
  "arrowsgreaterthan1": [
    "arrowsgreaterthan1",
    "b1",
    "loopbody",
    "loopstart"
  ],
  "b1": [
    "b1"
  ],
  "base": [
    "b1",
    "base",
    "loopbody",
    "loopstart"
  ],
  "endloop": [
    "b1",
    "endloop",
    "loopstart"
  ],
  "finally": [
    "b1",
    "finally",
    "loopbody",
    "loopstart"
  ],
  "loopbody": [
    "b1",
    "loopbody",
    "loopstart"
  ],
  "loopstart": [
    "b1",
    "loopstart"
  ]
}